VCD info: dumpfile saida.vcd opened for output.
=== OK  [0] opcode=03 func3=0 instr=73400003 immediate=00000734 (esperado)
=== OK  [1] opcode=03 func3=0 instr=1ae00003 immediate=000001ae (esperado)
=== OK  [2] opcode=03 func3=0 instr=c9c00003 immediate=fffffc9c (esperado)
=== OK  [3] opcode=03 func3=0 instr=67800003 immediate=00000678 (esperado)
=== OK  [4] opcode=03 func3=0 instr=cd100003 immediate=fffffcd1 (esperado)
=== OK  [5] opcode=03 func3=0 instr=8fd00003 immediate=fffff8fd (esperado)
=== OK  [6] opcode=03 func3=0 instr=1fa00003 immediate=000001fa (esperado)
=== OK  [7] opcode=03 func3=0 instr=08100003 immediate=00000081 (esperado)
tb.v:41: $finish called at 8000 (1ps)
