VCD info: dumpfile saida.vcd opened for output.
=== OK  [0] opcode=63 func3=0 instr=72000a63 immediate=00000734 (esperado)
=== OK  [1] opcode=63 func3=0 instr=1a000763 immediate=000001ae (esperado)
=== OK  [2] opcode=63 func3=0 instr=48000ee3 immediate=00000c9c (esperado)
=== OK  [3] opcode=63 func3=0 instr=66000c63 immediate=00000678 (esperado)
=== OK  [4] opcode=63 func3=0 instr=4c0008e3 immediate=00000cd0 (esperado)
=== OK  [5] opcode=63 func3=0 instr=0e000ee3 immediate=000008fc (esperado)
=== OK  [6] opcode=63 func3=0 instr=1e000d63 immediate=000001fa (esperado)
=== OK  [7] opcode=63 func3=0 instr=08000063 immediate=00000080 (esperado)
tb.v:41: $finish called at 8000 (1ps)
